../Drivers/CMSIS/Include/core_cm4.h:1684:22:__NVIC_EnableIRQ	16	static,ignoring_inline_asm
../Drivers/CMSIS/Include/core_cm4.h:1814:22:__NVIC_SetPriority	16	static
../Core/Src/main.c:58:5:__io_putchar	16	static
../Core/Src/main.c:75:5:main	8	static
../Core/Src/main.c:133:6:SystemClock_Config	88	static
../Core/Src/main.c:175:13:MX_TIM2_Init	32	static
../Core/Src/main.c:220:13:MX_USART2_UART_Init	8	static
../Core/Src/main.c:253:13:MX_GPIO_Init	40	static
../Core/Src/main.c:293:6:Error_Handler	4	static,ignoring_inline_asm
../Core/Src/main.c:321:6:EXTI15_10_IRQHandler	8	static
